[debug] [2026-07-27T13:52:09.823Z] ----------------------------------------------------------------------
[debug] [2026-07-27T13:52:09.825Z] Command:       /Users/oussema/.nvm/versions/node/v24.18.0/bin/node /Users/oussema/.npm/_npx/ba4f1959e38407b5/node_modules/.bin/firebase projects:create terramap-v2-dev-9182 --display-name TerraMap Dev
[debug] [2026-07-27T13:52:09.825Z] CLI Version:   15.24.0
[debug] [2026-07-27T13:52:09.825Z] Platform:      darwin
[debug] [2026-07-27T13:52:09.825Z] Node Version:  v24.18.0
[debug] [2026-07-27T13:52:09.825Z] Detected Agent: antigravity
[debug] [2026-07-27T13:52:09.825Z] Time:          Mon Jul 27 2026 14:52:09 GMT+0100 (Central European Standard Time)
[debug] [2026-07-27T13:52:09.825Z] ----------------------------------------------------------------------
[debug] 
[debug] [2026-07-27T13:52:09.828Z] > command requires scopes: ["email","openid","https://www.googleapis.com/auth/cloudplatformprojects.readonly","https://www.googleapis.com/auth/firebase","https://www.googleapis.com/auth/cloud-platform"]
[debug] [2026-07-27T13:52:09.828Z] > authorizing via signed-in user (oussema.haoues96@gmail.com)
[debug] [2026-07-27T13:52:09.836Z] Checked if tokens are valid: true, expires at: 1785163878589
[debug] [2026-07-27T13:52:09.836Z] Checked if tokens are valid: true, expires at: 1785163878589
[debug] [2026-07-27T13:52:09.837Z] >>> [apiv2][query] POST https://cloudresourcemanager.googleapis.com/v1/projects [none]
[debug] [2026-07-27T13:52:09.837Z] >>> [apiv2][body] POST https://cloudresourcemanager.googleapis.com/v1/projects {"projectId":"terramap-v2-dev-9182","name":"TerraMap Dev"}
[debug] [2026-07-27T13:52:10.844Z] <<< [apiv2][status] POST https://cloudresourcemanager.googleapis.com/v1/projects 200
[debug] [2026-07-27T13:52:10.844Z] <<< [apiv2][body] POST https://cloudresourcemanager.googleapis.com/v1/projects {"name":"operations/create_project.global.7780476440237969161"}
[debug] [2026-07-27T13:52:10.845Z] Checked if tokens are valid: true, expires at: 1785163878589
[debug] [2026-07-27T13:52:10.845Z] Checked if tokens are valid: true, expires at: 1785163878589
[debug] [2026-07-27T13:52:10.845Z] >>> [apiv2][query] GET https://cloudresourcemanager.googleapis.com/v1/operations/create_project.global.7780476440237969161 [none]
[debug] [2026-07-27T13:52:11.595Z] <<< [apiv2][status] GET https://cloudresourcemanager.googleapis.com/v1/operations/create_project.global.7780476440237969161 200
[debug] [2026-07-27T13:52:11.596Z] <<< [apiv2][body] GET https://cloudresourcemanager.googleapis.com/v1/operations/create_project.global.7780476440237969161 {"name":"operations/create_project.global.7780476440237969161"}
[debug] [2026-07-27T13:52:12.098Z] [Project Creation Poller] Retrying task index 0
[debug] [2026-07-27T13:52:12.098Z] Checked if tokens are valid: true, expires at: 1785163878589
[debug] [2026-07-27T13:52:12.098Z] Checked if tokens are valid: true, expires at: 1785163878589
[debug] [2026-07-27T13:52:12.098Z] >>> [apiv2][query] GET https://cloudresourcemanager.googleapis.com/v1/operations/create_project.global.7780476440237969161 [none]
[debug] [2026-07-27T13:52:12.308Z] <<< [apiv2][status] GET https://cloudresourcemanager.googleapis.com/v1/operations/create_project.global.7780476440237969161 200
[debug] [2026-07-27T13:52:12.309Z] <<< [apiv2][body] GET https://cloudresourcemanager.googleapis.com/v1/operations/create_project.global.7780476440237969161 {"name":"operations/create_project.global.7780476440237969161"}
[debug] [2026-07-27T13:52:13.310Z] [Project Creation Poller] Retrying task index 0
[debug] [2026-07-27T13:52:13.311Z] Checked if tokens are valid: true, expires at: 1785163878589
[debug] [2026-07-27T13:52:13.311Z] Checked if tokens are valid: true, expires at: 1785163878589
[debug] [2026-07-27T13:52:13.311Z] >>> [apiv2][query] GET https://cloudresourcemanager.googleapis.com/v1/operations/create_project.global.7780476440237969161 [none]
[debug] [2026-07-27T13:52:13.533Z] <<< [apiv2][status] GET https://cloudresourcemanager.googleapis.com/v1/operations/create_project.global.7780476440237969161 200
[debug] [2026-07-27T13:52:13.534Z] <<< [apiv2][body] GET https://cloudresourcemanager.googleapis.com/v1/operations/create_project.global.7780476440237969161 {"name":"operations/create_project.global.7780476440237969161","metadata":{"@type":"type.googleapis.com/google.cloudresourcemanager.v1.ProjectCreationStatus","gettable":true,"ready":true},"done":true,"response":{"@type":"type.googleapis.com/google.cloudresourcemanager.v1.Project","projectNumber":"942871444910","projectId":"terramap-v2-dev-9182","lifecycleState":"ACTIVE","name":"TerraMap Dev","createTime":"2026-07-27T13:52:10.724Z"}}
[debug] [2026-07-27T13:52:13.535Z] Checked if tokens are valid: true, expires at: 1785163878589
[debug] [2026-07-27T13:52:13.535Z] Checked if tokens are valid: true, expires at: 1785163878589
[debug] [2026-07-27T13:52:13.536Z] >>> [apiv2][query] POST https://firebase.googleapis.com/v1beta1/projects/terramap-v2-dev-9182:addFirebase [none]
[debug] [2026-07-27T13:52:14.857Z] <<< [apiv2][status] POST https://firebase.googleapis.com/v1beta1/projects/terramap-v2-dev-9182:addFirebase 403
[debug] [2026-07-27T13:52:14.857Z] <<< [apiv2][body] POST https://firebase.googleapis.com/v1beta1/projects/terramap-v2-dev-9182:addFirebase {"error":{"code":403,"message":"The caller does not have permission","status":"PERMISSION_DENIED"}}
[debug] [2026-07-27T13:52:14.859Z] Request to https://firebase.googleapis.com/v1beta1/projects/terramap-v2-dev-9182:addFirebase had HTTP Error: 403, The caller does not have permission
[debug] [2026-07-27T13:52:15.020Z] FirebaseError: Request to https://firebase.googleapis.com/v1beta1/projects/terramap-v2-dev-9182:addFirebase had HTTP Error: 403, The caller does not have permission
    at responseToError (/Users/oussema/.npm/_npx/ba4f1959e38407b5/node_modules/firebase-tools/lib/responseToError.js:53:12)
    at RetryOperation._fn (/Users/oussema/.npm/_npx/ba4f1959e38407b5/node_modules/firebase-tools/lib/apiv2.js:415:77)
    at process.processTicksAndRejections (node:internal/process/task_queues:104:5)
[error] 
[error] Error: Failed to add Firebase to Google Cloud Platform project. See firebase-debug.log for more info.
